[2026-10-01T08:25:24.0742066+01:00] request=3950 caller=<ScriptBlock> command=screenshot C:\Projects\ChaseHQ-Native-v2-NoGit\ChaseHQ-Native-v0.66.9.0-RC2.7\.chq\web-preview.png response=ERR empty command recovery=retry-once
[2026-10-01T08:25:24.1641413+01:00] request=3950 RECOVERED retry command=screenshot C:\Projects\ChaseHQ-Native-v2-NoGit\ChaseHQ-Native-v0.66.9.0-RC2.7\.chq\web-preview.png
[2026-10-01T08:39:25.1486489+01:00] request=11598 caller=<ScriptBlock> command=status response=ERR empty command recovery=retry-once
[2026-10-01T08:39:25.1982333+01:00] request=11598 RECOVERED retry command=status
[2026-10-01T08:43:34.2317626+01:00] request=13840 caller=Read-ChqValue <- Get-GameLabState <- Invoke-ScriptApiAction <- <ScriptBlock> command=read A 1003A2 16 response=ERR empty command recovery=retry-once
[2026-10-01T08:43:34.2816344+01:00] request=13840 RECOVERED retry command=read A 1003A2 16
[2026-10-01T08:47:45.3112050+01:00] request=16105 caller=<ScriptBlock> command=sprites tail 100 semantic response=ERR empty command recovery=retry-once
[2026-10-01T08:47:45.3703275+01:00] request=16105 RECOVERED retry command=sprites tail 100 semantic
[2026-10-01T08:58:07.1576614+01:00] request=21696 caller=<ScriptBlock> command=status response=ERR empty command recovery=retry-once
[2026-10-01T08:58:07.2058344+01:00] request=21696 RECOVERED retry command=status
[2026-10-01T09:09:13.3957938+01:00] request=27698 caller=<ScriptBlock> command=events tail 100 response=ERR empty command recovery=retry-once
[2026-10-01T09:09:13.4422617+01:00] request=27698 RECOVERED retry command=events tail 100
[2026-10-01T09:13:27.1819684+01:00] request=29980 caller=<ScriptBlock> command=status response=ERR empty command recovery=retry-once
[2026-10-01T09:13:27.2287332+01:00] request=29980 RECOVERED retry command=status
[2026-10-01T09:15:26.2570702+01:00] request=31052 caller=<ScriptBlock> command=sprites tail 100 semantic response=ERR empty command recovery=retry-once
[2026-10-01T09:15:26.3078269+01:00] request=31052 RECOVERED retry command=sprites tail 100 semantic
[2026-10-01T09:23:04.4100694+01:00] request=35178 caller=<ScriptBlock> command=sprites tail 100 semantic response=ERR empty command recovery=retry-once
[2026-10-01T09:23:04.4595248+01:00] request=35178 RECOVERED retry command=sprites tail 100 semantic
[2026-10-01T09:26:14.2301859+01:00] request=36882 caller=<ScriptBlock> command=input ports response=ERR empty command recovery=retry-once
[2026-10-01T09:26:14.2758033+01:00] request=36882 RECOVERED retry command=input ports
[2026-10-01T09:28:37.1741093+01:00] request=38166 caller=<ScriptBlock> command=status response=<EMPTY> recovery=retry-once
[2026-10-01T09:28:37.2210121+01:00] request=38166 RECOVERED retry command=status
[2026-10-01T09:39:04.2495003+01:00] request=43812 caller=Read-ChqValue <- Get-GameLabState <- Invoke-ScriptApiAction <- <ScriptBlock> command=read A 1003A2 16 response=ERR empty command recovery=retry-once
[2026-10-01T09:39:04.2950654+01:00] request=43812 RECOVERED retry command=read A 1003A2 16
[2026-10-01T09:40:25.3169964+01:00] request=44542 caller=Read-ChqValue <- Get-GameLabState <- Invoke-ScriptApiAction <- <ScriptBlock> command=read A 100414 16 response=<EMPTY> recovery=retry-once
[2026-10-01T09:40:25.3613788+01:00] request=44542 RECOVERED retry command=read A 100414 16
[2026-10-01T09:44:19.4083949+01:00] request=46652 caller=<ScriptBlock> command=events tail 100 response=ERR empty command recovery=retry-once
[2026-10-01T09:44:19.4569343+01:00] request=46652 RECOVERED retry command=events tail 100
[2026-10-01T09:45:06.2027028+01:00] request=47071 caller=<ScriptBlock> command=status response=<EMPTY> recovery=retry-once
[2026-10-01T09:45:06.2476159+01:00] request=47071 RECOVERED retry command=status
[2026-10-01T09:47:36.2588183+01:00] request=48423 caller=<ScriptBlock> command=events tail 100 response=ERR empty command recovery=retry-once
[2026-10-01T09:47:36.3263572+01:00] request=48423 RECOVERED retry command=events tail 100
[2026-10-01T09:48:43.3613250+01:00] request=49035 caller=Read-ChqValue <- Get-GameLabState <- Invoke-ScriptApiAction <- <ScriptBlock> command=read A 100414 16 response=<EMPTY> recovery=retry-once
[2026-10-01T09:48:43.4161401+01:00] request=49035 RECOVERED retry command=read A 100414 16
[2026-10-01T09:55:11.2137273+01:00] request=53015 caller=<ScriptBlock> command=status response=ERR empty command recovery=retry-once
[2026-10-01T09:55:11.2922004+01:00] request=53015 RECOVERED retry command=status
[2026-10-01T09:58:53.1062621+01:00] request=55012 caller=<ScriptBlock> command=screenshot C:\Projects\ChaseHQ-Native-v2-NoGit\ChaseHQ-Native-v0.66.9.0-RC2.7\.chq\web-preview.png response=ERR empty command recovery=retry-once
[2026-10-01T09:58:53.1918703+01:00] request=55012 RECOVERED retry command=screenshot C:\Projects\ChaseHQ-Native-v2-NoGit\ChaseHQ-Native-v0.66.9.0-RC2.7\.chq\web-preview.png
[2026-10-01T09:59:38.2723032+01:00] request=55420 caller=<ScriptBlock> command=events tail 100 response=ERR empty command recovery=retry-once
[2026-10-01T09:59:38.3461585+01:00] request=55420 RECOVERED retry command=events tail 100
[2026-10-01T10:09:20.9774286+01:00] request=60651 caller=Read-ChqValue <- Get-GameLabState <- Invoke-ScriptApiAction <- <ScriptBlock> command=read A 100414 16 response=ERR empty command recovery=retry-once
[2026-10-01T10:09:21.0970049+01:00] request=60651 RECOVERED retry command=read A 100414 16
[2026-10-01T10:10:48.1913525+01:00] request=61439 caller=<ScriptBlock> command=status response=<EMPTY> recovery=retry-once
[2026-10-01T10:10:48.2373123+01:00] request=61439 RECOVERED retry command=status
[2026-10-01T10:19:47.1920745+01:00] request=66288 caller=<ScriptBlock> command=status response=ERR empty command recovery=retry-once
[2026-10-01T10:19:47.2383914+01:00] request=66288 RECOVERED retry command=status
[2026-10-01T10:23:44.2867579+01:00] request=68423 caller=<ScriptBlock> command=events tail 100 response=ERR empty command recovery=retry-once
[2026-10-01T10:23:44.3370701+01:00] request=68423 RECOVERED retry command=events tail 100
[2026-10-01T10:26:04.4659919+01:00] request=69687 caller=<ScriptBlock> command=events tail 100 response=ERR empty command recovery=retry-once
[2026-10-01T10:26:04.5166631+01:00] request=69687 RECOVERED retry command=events tail 100
[2026-10-01T10:28:50.2274903+01:00] request=71175 caller=<ScriptBlock> command=status response=ERR empty command recovery=retry-once
[2026-10-01T10:28:50.2845426+01:00] request=71175 RECOVERED retry command=status
[2026-10-01T10:33:53.4482926+01:00] request=74514 caller=Read-ChqValue <- Get-LiveTrackState <- Invoke-ScriptApiAction <- Invoke-ChqScript command=read A 10A044 16 response=<EMPTY> recovery=retry-once
[2026-10-01T10:33:53.5073638+01:00] request=74514 RECOVERED retry command=read A 10A044 16
[2026-10-01T10:33:54.5093466+01:00] request=74544 caller=Read-ChqValue <- Get-LiveTrackState <- Add-TrackRecorderSample <- Invoke-ScriptApiAction command=read A 1090EA 8 response=<EMPTY> recovery=retry-once
[2026-10-01T10:33:54.5696995+01:00] request=74544 RECOVERED retry command=read A 1090EA 8
[2026-10-01T10:34:23.1230430+01:00] request=75103 caller=Wait-ChqPaused <- Invoke-ScriptApiAction <- Invoke-ChqScript <- Invoke-ChqScriptRun command=status response=<EMPTY> recovery=retry-once
[2026-10-01T10:34:23.1683318+01:00] request=75103 RECOVERED retry command=status
[2026-10-01T10:35:01.8952421+01:00] request=75825 caller=Read-ChqValue <- Get-GameLabState <- Invoke-ScriptApiAction <- <ScriptBlock> command=read A 100414 16 response=<EMPTY> recovery=retry-once
[2026-10-01T10:35:01.9464128+01:00] request=75825 RECOVERED retry command=read A 100414 16
[2026-10-01T10:35:02.2162496+01:00] request=75832 caller=Read-ChqValue <- Get-LiveTrackState <- Invoke-ScriptApiAction <- Invoke-ChqScript command=read A 10A058 8 response=ERR empty command recovery=retry-once
[2026-10-01T10:35:02.2705538+01:00] request=75832 RECOVERED retry command=read A 10A058 8
[2026-10-01T10:36:09.6711545+01:00] request=77232 caller=<ScriptBlock> <- Invoke-ScriptApiAction <- Invoke-ChqScript <- Invoke-ChqScriptRun command=sprites map-inspect 2 response=ERR empty command recovery=retry-once
[2026-10-01T10:36:09.7175542+01:00] request=77232 RECOVERED retry command=sprites map-inspect 2
[2026-10-01T10:39:05.7889752+01:00] request=78903 caller=Read-ChqValue <- Get-GameLabState <- Invoke-ScriptApiAction <- <ScriptBlock> command=read A 10040F 8 response=ERR empty command recovery=retry-once
[2026-10-01T10:39:05.8446531+01:00] request=78903 RECOVERED retry command=read A 10040F 8
[2026-10-01T10:41:50.2972528+01:00] request=80383 caller=<ScriptBlock> command=status response=ERR empty command recovery=retry-once
[2026-10-01T10:41:50.3659798+01:00] request=80383 RECOVERED retry command=status
[2026-10-01T10:47:04.2507737+01:00] request=83206 caller=<ScriptBlock> command=screenshot C:\Projects\ChaseHQ-Native-v2-NoGit\ChaseHQ-Native-v0.66.9.0-RC2.7\.chq\web-preview.png response=ERR empty command recovery=retry-once
[2026-10-01T10:47:04.3708336+01:00] request=83206 RECOVERED retry command=screenshot C:\Projects\ChaseHQ-Native-v2-NoGit\ChaseHQ-Native-v0.66.9.0-RC2.7\.chq\web-preview.png
[2026-10-01T10:48:20.7990645+01:00] request=83998 caller=Read-ChqValue <- Get-LiveGameplayRegistry <- Invoke-ScriptApiAction <- Invoke-ChqScript command=read A 10040F 8 response=ERR empty command recovery=retry-once
[2026-10-01T10:48:20.8673454+01:00] request=83998 RECOVERED retry command=read A 10040F 8
[2026-10-01T10:48:24.4591646+01:00] request=84045 caller=Wait-ChqPaused <- Invoke-ScriptApiAction <- Invoke-ChqScript <- Invoke-ChqScriptRun command=status response=<EMPTY> recovery=retry-once
[2026-10-01T10:48:24.5413040+01:00] request=84045 RECOVERED retry command=status
[2026-10-01T10:48:29.4797845+01:00] request=84139 caller=Read-ChqValue <- Get-LiveGameplayRegistry <- Invoke-ScriptApiAction <- Invoke-ChqScript command=read A 10A012 16 response=<EMPTY> recovery=retry-once
[2026-10-01T10:48:29.5380824+01:00] request=84139 RECOVERED retry command=read A 10A012 16
[2026-10-01T10:56:09.2719052+01:00] request=88492 caller=<ScriptBlock> command=input ports response=<EMPTY> recovery=retry-once
[2026-10-01T10:56:09.3300778+01:00] request=88492 RECOVERED retry command=input ports
[2026-10-01T10:59:26.7629560+01:00] request=90252 caller=Read-ChqValue <- Get-GameLabState <- Invoke-ScriptApiAction <- <ScriptBlock> command=read A 1003A2 16 response=ERR empty command recovery=retry-once
[2026-10-01T10:59:26.8164298+01:00] request=90252 RECOVERED retry command=read A 1003A2 16
[2026-10-01T11:03:08.3162476+01:00] request=92264 caller=<ScriptBlock> command=events tail 100 response=ERR empty command recovery=retry-once
[2026-10-01T11:03:08.3649849+01:00] request=92264 RECOVERED retry command=events tail 100
[2026-10-01T11:03:26.8052681+01:00] request=92429 caller=Read-ChqValue <- Get-GameLabState <- Invoke-ScriptApiAction <- <ScriptBlock> command=read A 10040F 8 response=ERR empty command recovery=retry-once
[2026-10-01T11:03:26.8771310+01:00] request=92429 RECOVERED retry command=read A 10040F 8
[2026-10-01T11:19:32.1222315+01:00] request=100920 caller=<ScriptBlock> command=screenshot C:\Projects\ChaseHQ-Native-v2-NoGit\ChaseHQ-Native-v0.66.9.0-RC2.7\.chq\web-preview.png response=ERR empty command recovery=retry-once
[2026-10-01T11:19:32.2362502+01:00] request=100920 RECOVERED retry command=screenshot C:\Projects\ChaseHQ-Native-v2-NoGit\ChaseHQ-Native-v0.66.9.0-RC2.7\.chq\web-preview.png
[2026-10-01T11:21:04.4438863+01:00] request=101743 caller=<ScriptBlock> command=events tail 100 response=ERR empty command recovery=retry-once
[2026-10-01T11:21:04.4940752+01:00] request=101743 RETRY_FAILED response=ERR empty command
[2026-10-01T11:42:17.3224946+01:00] request=113790 caller=Read-ChqValue <- Get-LiveGameplayRegistry <- Invoke-ScriptApiAction <- Invoke-ChqScript command=read A 10A058 8 response=ERR empty command recovery=retry-once
[2026-10-01T11:42:17.3753037+01:00] request=113790 RECOVERED retry command=read A 10A058 8
[2026-10-01T11:42:33.8419801+01:00] request=114035 caller=Wait-ChqPaused <- Invoke-ScriptApiAction <- Invoke-ChqScript <- Invoke-ChqScriptRun command=status response=ERR empty command recovery=retry-once
[2026-10-01T11:42:33.9023979+01:00] request=114035 RECOVERED retry command=status
[2026-10-01T11:45:09.2821883+01:00] request=115632 caller=<ScriptBlock> command=status response=ERR empty command recovery=retry-once
[2026-10-01T11:45:09.3863840+01:00] request=115632 RECOVERED retry command=status
[2026-10-01T11:48:18.3043748+01:00] request=117336 caller=<ScriptBlock> command=sprites tail 100 semantic response=ERR empty command recovery=retry-once
[2026-10-01T11:48:18.3586674+01:00] request=117336 RECOVERED retry command=sprites tail 100 semantic
[2026-10-01T11:48:30.3049033+01:00] request=117444 caller=<ScriptBlock> command=sprites tail 100 semantic response=ERR empty command recovery=retry-once
[2026-10-01T11:48:30.3650771+01:00] request=117444 RECOVERED retry command=sprites tail 100 semantic
[2026-10-01T11:54:23.5370099+01:00] request=120643 caller=Read-ChqValue <- Get-LiveGameplayRegistry <- Invoke-ScriptApiAction <- Invoke-ChqScript command=read A 100303 8 response=ERR empty command recovery=retry-once
[2026-10-01T11:54:23.5896011+01:00] request=120643 RECOVERED retry command=read A 100303 8
[2026-10-01T12:10:48.2196546+01:00] request=129870 caller=<ScriptBlock> command=status response=ERR empty command recovery=retry-once
[2026-10-01T12:10:48.2828455+01:00] request=129870 RECOVERED retry command=status
[2026-10-01T12:14:59.2001279+01:00] request=132127 caller=<ScriptBlock> command=status response=ERR empty command recovery=retry-once
[2026-10-01T12:14:59.2543006+01:00] request=132127 RECOVERED retry command=status
[2026-10-01T12:15:43.4461642+01:00] request=132528 caller=<ScriptBlock> command=input ports response=ERR empty command recovery=retry-once
[2026-10-01T12:15:43.4961848+01:00] request=132528 RECOVERED retry command=input ports
