[19:07:46.985 +00:00:00.332] [START] Workbench v0.66.9.0-RC2.9
[19:07:47.003 +00:00:00.351] [START] Front listener: http://127.0.0.1:37680
[19:07:47.014 +00:00:00.361] [START] Backend bridge: http://127.0.0.1:37681
[19:07:47.020 +00:00:00.367] [START] Script root: C:\Projects\ChaseHQ-Native-v2-NoGit\ChaseHQ-Native-v0.66.9.0-RC2.9\research\scripts
[19:07:47.046 +00:00:00.393] [START] Scripts discovered: 118
[19:07:47.050 +00:00:00.397] [START] Native debugger: 127.0.0.1:37600
[19:07:47.565 +00:00:00.913] [WEB] GET /api/v1/status 169ms
[19:07:47.698 +00:00:01.045] [WEB] GET / 1ms
[19:07:48.804 +00:00:02.151] [WEB] GET / 7ms
[19:07:49.962 +00:00:03.310] [WEB] POST /api/v1/game/action 800ms
[19:07:50.728 +00:00:04.076] [WEB] POST /api/cmd 716ms
[19:07:50.801 +00:00:04.149] [WEB] POST /api/cmd 66ms
[19:07:50.913 +00:00:04.260] [WEB] GET /api/v1/checkpoints 97ms
[19:07:50.938 +00:00:04.286] [WEB] GET /api/v1/evidence 21ms
[19:07:53.277 +00:00:06.624] [WEB] GET /api/v1/script/runs 2328ms
[19:07:53.653 +00:00:07.000] [WEB] POST /api/v1/game/action 363ms
[19:07:53.955 +00:00:07.302] [WEB] POST /api/v1/game/action 294ms
[19:07:53.985 +00:00:07.333] [WEB] GET /api/v1/script/runs 14ms
[19:07:54.386 +00:00:07.733] [WEB] POST /api/v1/game/action 381ms
[19:07:54.472 +00:00:07.820] [WEB] GET /api/status 68ms
[19:07:54.553 +00:00:07.901] [WEB] GET /api/input/ports 68ms
[19:07:54.636 +00:00:07.983] [WEB] GET /api/events 74ms
[19:07:54.719 +00:00:08.066] [WEB] GET /api/sprites 80ms
[19:07:54.857 +00:00:08.205] [WEB] GET /api/v1/frame.png 122ms
[19:07:55.456 +00:00:08.803] [WEB] POST /api/v1/game/action 322ms
[19:07:55.813 +00:00:09.161] [WEB] GET /api/v1/frame.png 87ms
[19:07:55.886 +00:00:09.234] [WEB] GET /api/status 50ms
[19:07:55.927 +00:00:09.274] [WEB] GET /api/input/ports 36ms
[19:07:55.967 +00:00:09.315] [WEB] GET /api/events 35ms
[19:07:56.056 +00:00:09.403] [WEB] GET /api/sprites 74ms
[19:07:57.012 +00:00:10.359] [WEB] POST /api/v1/game/action 377ms
[19:07:57.081 +00:00:10.428] [WEB] GET /api/v1/frame.png 63ms
[19:07:57.122 +00:00:10.469] [WEB] GET /api/status 38ms
[19:07:57.197 +00:00:10.544] [WEB] GET /api/input/ports 58ms
[19:07:57.230 +00:00:10.577] [WEB] GET /api/events 29ms
[19:07:57.277 +00:00:10.624] [WEB] GET /api/sprites 39ms
[19:07:57.841 +00:00:11.188] [WEB] GET /api/v1/frame.png 108ms
[19:07:57.898 +00:00:11.246] [WEB] GET /api/status 55ms
[19:07:57.936 +00:00:11.284] [WEB] GET /api/input/ports 33ms
[19:07:57.978 +00:00:11.325] [WEB] GET /api/events 36ms
[19:07:58.014 +00:00:11.361] [WEB] GET /api/sprites 32ms
[19:07:58.436 +00:00:11.783] [WEB] POST /api/v1/game/action 300ms
[19:07:58.904 +00:00:12.252] [WEB] GET /api/v1/frame.png 170ms
[19:07:58.953 +00:00:12.301] [WEB] GET /api/status 47ms
[19:07:59.016 +00:00:12.364] [WEB] GET /api/input/ports 52ms
[19:07:59.067 +00:00:12.414] [WEB] GET /api/events 45ms
[19:07:59.156 +00:00:12.503] [WEB] GET /api/sprites 84ms
[19:08:00.083 +00:00:13.431] [WEB] POST /api/v1/game/action 450ms
[19:08:00.181 +00:00:13.529] [WEB] GET /api/v1/frame.png 89ms
[19:08:00.220 +00:00:13.567] [WEB] GET /api/status 35ms
[19:08:00.272 +00:00:13.620] [WEB] GET /api/input/ports 41ms
[19:08:00.332 +00:00:13.680] [WEB] GET /api/events 44ms
[19:08:00.388 +00:00:13.736] [WEB] GET /api/sprites 45ms
[19:08:00.838 +00:00:14.186] [WEB] GET /api/v1/frame.png 107ms
[19:08:00.880 +00:00:14.228] [WEB] GET /api/status 39ms
[19:08:00.928 +00:00:14.276] [WEB] GET /api/input/ports 45ms
[19:08:00.964 +00:00:14.312] [WEB] GET /api/events 31ms
[19:08:01.015 +00:00:14.362] [WEB] GET /api/sprites 47ms
[19:08:01.468 +00:00:14.816] [WEB] POST /api/v1/game/action 336ms
[19:08:01.832 +00:00:15.180] [WEB] GET /api/v1/frame.png 103ms
[19:08:01.903 +00:00:15.250] [WEB] GET /api/status 68ms
[19:08:01.949 +00:00:15.296] [WEB] GET /api/input/ports 42ms
[19:08:01.997 +00:00:15.345] [WEB] GET /api/events 45ms
[19:08:02.033 +00:00:15.380] [WEB] GET /api/sprites 33ms
[19:08:02.980 +00:00:16.327] [WEB] POST /api/v1/game/action 347ms
[19:08:03.060 +00:00:16.408] [WEB] GET /api/v1/frame.png 75ms
[19:08:03.096 +00:00:16.444] [WEB] GET /api/status 34ms
[19:08:03.145 +00:00:16.492] [WEB] GET /api/input/ports 45ms
[19:08:03.183 +00:00:16.530] [WEB] GET /api/events 34ms
[19:08:03.234 +00:00:16.582] [WEB] GET /api/sprites 47ms
[19:08:03.846 +00:00:17.193] [WEB] GET /api/v1/frame.png 115ms
[19:08:03.900 +00:00:17.247] [WEB] GET /api/status 50ms
[19:08:03.944 +00:00:17.291] [WEB] GET /api/input/ports 37ms
[19:08:03.990 +00:00:17.337] [WEB] GET /api/events 41ms
[19:08:04.032 +00:00:17.380] [WEB] GET /api/sprites 35ms
[19:08:04.511 +00:00:17.858] [WEB] POST /api/v1/game/action 370ms
[19:08:04.858 +00:00:18.206] [WEB] GET /api/v1/frame.png 128ms
[19:08:04.928 +00:00:18.275] [WEB] GET /api/status 67ms
[19:08:04.980 +00:00:18.328] [WEB] GET /api/input/ports 50ms
[19:08:05.020 +00:00:18.367] [WEB] GET /api/events 36ms
[19:08:05.067 +00:00:18.415] [WEB] GET /api/sprites 45ms
[19:08:06.053 +00:00:19.400] [WEB] POST /api/v1/game/action 417ms
[19:08:06.166 +00:00:19.514] [WEB] GET /api/v1/frame.png 102ms
[19:08:06.204 +00:00:19.551] [WEB] GET /api/status 35ms
[19:08:06.254 +00:00:19.601] [WEB] GET /api/input/ports 46ms
[19:08:06.296 +00:00:19.644] [WEB] GET /api/events 39ms
[19:08:06.354 +00:00:19.701] [WEB] GET /api/sprites 53ms
[19:08:06.828 +00:00:20.175] [WEB] GET /api/v1/frame.png 103ms
[19:08:06.873 +00:00:20.221] [WEB] GET /api/status 43ms
[19:08:06.915 +00:00:20.263] [WEB] GET /api/input/ports 34ms
[19:08:06.963 +00:00:20.311] [WEB] GET /api/events 45ms
[19:08:07.013 +00:00:20.361] [WEB] GET /api/sprites 47ms
[19:08:07.481 +00:00:20.829] [WEB] POST /api/v1/game/action 348ms
[19:08:07.847 +00:00:21.194] [WEB] GET /api/v1/frame.png 115ms
[19:08:07.900 +00:00:21.248] [WEB] GET /api/status 50ms
[19:08:07.936 +00:00:21.284] [WEB] GET /api/input/ports 32ms
[19:08:07.981 +00:00:21.328] [WEB] GET /api/events 41ms
[19:08:08.030 +00:00:21.377] [WEB] GET /api/sprites 45ms
[19:08:09.004 +00:00:22.351] [WEB] POST /api/v1/game/action 367ms
[19:08:09.105 +00:00:22.453] [WEB] GET /api/v1/frame.png 89ms
[19:08:09.167 +00:00:22.515] [WEB] GET /api/status 59ms
[19:08:09.217 +00:00:22.565] [WEB] GET /api/input/ports 44ms
[19:08:09.266 +00:00:22.613] [WEB] GET /api/events 45ms
[19:08:09.315 +00:00:22.662] [WEB] GET /api/sprites 46ms
[19:08:09.838 +00:00:23.185] [WEB] GET /api/v1/frame.png 112ms
[19:08:09.887 +00:00:23.235] [WEB] GET /api/status 46ms
[19:08:09.934 +00:00:23.281] [WEB] GET /api/input/ports 38ms
[19:08:09.983 +00:00:23.330] [WEB] GET /api/events 47ms
[19:08:10.036 +00:00:23.384] [WEB] GET /api/sprites 50ms
[19:08:10.471 +00:00:23.818] [WEB] POST /api/v1/game/action 336ms
[19:08:10.849 +00:00:24.196] [WEB] GET /api/v1/frame.png 121ms
[19:08:10.907 +00:00:24.255] [WEB] GET /api/status 56ms
[19:08:10.954 +00:00:24.301] [WEB] GET /api/input/ports 37ms
[19:08:10.999 +00:00:24.347] [WEB] GET /api/events 35ms
[19:08:11.047 +00:00:24.395] [WEB] GET /api/sprites 44ms
[19:08:11.520 +00:00:24.868] [WEB] POST /api/v1/game/action 373ms
[19:08:11.600 +00:00:24.948] [WEB] GET /api/v1/frame.png 72ms
[19:08:11.649 +00:00:24.996] [WEB] GET /api/status 45ms
[19:08:12.017 +00:00:25.365] [WEB] POST /api/v1/game/action 366ms
[19:08:12.065 +00:00:25.413] [WEB] GET /api/input/ports 41ms
[19:08:12.175 +00:00:25.522] [WEB] GET /api/v1/frame.png 106ms
[19:08:12.234 +00:00:25.581] [WEB] GET /api/status 56ms
[19:08:12.285 +00:00:25.632] [WEB] GET /api/events 49ms
[19:08:12.333 +00:00:25.681] [WEB] GET /api/input/ports 44ms
[19:08:12.379 +00:00:25.727] [WEB] GET /api/sprites 44ms
[19:08:12.417 +00:00:25.765] [WEB] GET /api/events 35ms
[19:08:12.464 +00:00:25.811] [WEB] GET /api/sprites 42ms
[19:08:12.843 +00:00:26.190] [WEB] GET /api/v1/frame.png 115ms
[19:08:12.881 +00:00:26.229] [WEB] GET /api/status 36ms
[19:08:12.931 +00:00:26.279] [WEB] GET /api/input/ports 47ms
[19:08:12.982 +00:00:26.330] [WEB] GET /api/events 47ms
[19:08:13.033 +00:00:26.380] [WEB] GET /api/sprites 41ms
[19:08:13.487 +00:00:26.834] [WEB] POST /api/v1/game/action 355ms
[19:08:13.799 +00:00:27.146] [WEB] GET /api/v1/frame.png 70ms
[19:08:13.835 +00:00:27.183] [WEB] GET /api/status 33ms
[19:08:13.890 +00:00:27.238] [WEB] GET /api/input/ports 51ms
[19:08:13.940 +00:00:27.287] [WEB] GET /api/events 37ms
[19:08:14.024 +00:00:27.372] [WEB] GET /api/sprites 74ms
[19:08:15.054 +00:00:28.401] [WEB] POST /api/v1/game/action 416ms
[19:08:15.137 +00:00:28.484] [WEB] GET /api/v1/frame.png 80ms
[19:08:15.172 +00:00:28.520] [WEB] GET /api/status 32ms
[19:08:15.227 +00:00:28.574] [WEB] GET /api/input/ports 45ms
[19:08:15.269 +00:00:28.616] [WEB] GET /api/events 38ms
[19:08:15.318 +00:00:28.665] [WEB] GET /api/sprites 46ms
[19:08:15.832 +00:00:29.179] [WEB] GET /api/v1/frame.png 106ms
[19:08:15.876 +00:00:29.224] [WEB] GET /api/status 37ms
[19:08:15.919 +00:00:29.266] [WEB] GET /api/input/ports 37ms
[19:08:15.985 +00:00:29.332] [WEB] GET /api/events 60ms
[19:08:16.034 +00:00:29.381] [WEB] GET /api/sprites 45ms
[19:08:16.478 +00:00:29.825] [WEB] POST /api/v1/game/action 342ms
[19:08:16.825 +00:00:30.172] [WEB] GET /api/v1/frame.png 96ms
[19:08:16.887 +00:00:30.234] [WEB] GET /api/status 60ms
[19:08:16.929 +00:00:30.276] [WEB] GET /api/input/ports 38ms
[19:08:16.978 +00:00:30.325] [WEB] GET /api/events 42ms
[19:08:17.019 +00:00:30.366] [WEB] GET /api/sprites 35ms
[19:08:17.999 +00:00:31.347] [WEB] POST /api/v1/game/action 366ms
[19:08:18.099 +00:00:31.447] [WEB] GET /api/v1/frame.png 94ms
[19:08:18.162 +00:00:31.510] [WEB] GET /api/status 61ms
[19:08:18.203 +00:00:31.551] [WEB] GET /api/input/ports 37ms
[19:08:18.245 +00:00:31.592] [WEB] GET /api/events 38ms
[19:08:18.285 +00:00:31.632] [WEB] GET /api/sprites 37ms
[19:08:18.802 +00:00:32.149] [WEB] GET /api/v1/frame.png 63ms
[19:08:18.843 +00:00:32.191] [WEB] GET /api/status 38ms
[19:08:18.882 +00:00:32.229] [WEB] GET /api/input/ports 34ms
[19:08:18.932 +00:00:32.280] [WEB] GET /api/events 46ms
[19:08:18.979 +00:00:32.327] [WEB] GET /api/sprites 44ms
[19:08:19.503 +00:00:32.850] [WEB] POST /api/v1/game/action 363ms
[19:08:19.812 +00:00:33.160] [WEB] GET /api/v1/frame.png 85ms
[19:08:19.865 +00:00:33.212] [WEB] GET /api/status 51ms
[19:08:19.904 +00:00:33.252] [WEB] GET /api/input/ports 36ms
[19:08:19.980 +00:00:33.328] [WEB] GET /api/events 63ms
[19:08:20.051 +00:00:33.399] [WEB] GET /api/sprites 67ms
[19:08:21.005 +00:00:34.353] [WEB] POST /api/v1/game/action 370ms
[19:08:21.086 +00:00:34.434] [WEB] GET /api/v1/frame.png 71ms
[19:08:21.120 +00:00:34.467] [WEB] GET /api/status 31ms
[19:08:21.166 +00:00:34.513] [WEB] GET /api/input/ports 42ms
[19:08:21.213 +00:00:34.561] [WEB] GET /api/events 43ms
[19:08:21.255 +00:00:34.603] [WEB] GET /api/sprites 39ms
[19:08:21.600 +00:00:34.947] [WEB] POST /api/v1/script 161ms
[19:08:21.737 +00:00:35.085] [WEB] POST /api/v1/script 107ms
[19:08:21.782 +00:00:35.129] [WEB] POST /api/v1/script 34ms
[19:08:21.820 +00:00:35.167] [WEB] POST /api/v1/script 32ms
[19:08:22.288 +00:00:35.635] [WEB] POST /api/v1/script 453ms
[19:08:22.649 +00:00:35.996] [WEB] POST /api/v1/game/action 350ms
[19:08:22.745 +00:00:36.093] [WEB] POST /api/v1/script 91ms
[19:08:22.787 +00:00:36.135] [WEB] POST /api/v1/script 37ms
[19:08:22.820 +00:00:36.167] [WEB] POST /api/v1/script 20ms
[19:08:23.168 +00:00:36.515] [WEB] POST /api/v1/script 344ms
[19:08:23.422 +00:00:36.770] [WEB] POST /api/v1/script 248ms
[19:08:23.511 +00:00:36.858] [WEB] POST /api/v1/script 71ms
[19:08:23.565 +00:00:36.912] [WEB] POST /api/v1/script 39ms
[19:08:24.578 +00:00:37.925] [WEB] POST /api/v1/script 1003ms
[19:08:24.807 +00:00:38.154] [WEB] POST /api/v1/game/action 220ms
[19:08:24.856 +00:00:38.203] [WEB] POST /api/v1/script 42ms
[19:08:24.877 +00:00:38.224] [WEB] POST /api/v1/script 17ms
[19:08:25.113 +00:00:38.460] [WEB] POST /api/v1/script 231ms
[19:08:25.369 +00:00:38.717] [WEB] POST /api/v1/script 253ms
[19:08:25.593 +00:00:38.940] [WEB] POST /api/v1/game/action 216ms
[19:08:25.644 +00:00:38.991] [WEB] POST /api/v1/script 44ms
[19:08:25.696 +00:00:39.044] [WEB] POST /api/v1/script 49ms
[19:08:25.752 +00:00:39.100] [WEB] POST /api/v1/script 52ms
[19:08:25.823 +00:00:39.171] [WEB] POST /api/v1/script 65ms
[19:08:25.874 +00:00:39.221] [WEB] POST /api/v1/script 46ms
[19:08:25.896 +00:00:39.244] [WEB] POST /api/v1/script 18ms
[19:08:26.543 +00:00:39.891] [WEB] POST /api/v1/script 642ms
[19:08:27.984 +00:00:41.332] [WEB] GET /api/v1/script/runs 1434ms
[19:08:28.210 +00:00:41.558] [WEB] POST /api/v1/game/action 219ms
[19:08:28.222 +00:00:41.569] [WEB] GET /api/v1/script/runs 4ms
[19:08:28.442 +00:00:41.790] [WEB] POST /api/v1/game/action 216ms
[19:08:28.489 +00:00:41.836] [WEB] GET /api/status 41ms
[19:08:28.514 +00:00:41.862] [WEB] GET /api/input/ports 22ms
[19:08:28.540 +00:00:41.887] [WEB] GET /api/events 21ms
[19:08:28.571 +00:00:41.919] [WEB] GET /api/sprites 28ms
[19:08:28.637 +00:00:41.984] [WEB] GET /api/v1/frame.png 62ms
[19:08:28.644 +00:00:41.992] [WEB] GET /api/v1/evidence 3ms
[19:08:28.798 +00:00:42.146] [WEB] GET /api/v1/frame.png 69ms
[19:08:28.843 +00:00:42.190] [WEB] GET /api/status 42ms
[19:08:28.868 +00:00:42.216] [WEB] GET /api/input/ports 21ms
[19:08:28.896 +00:00:42.244] [WEB] GET /api/events 23ms
[19:08:28.930 +00:00:42.277] [WEB] GET /api/sprites 28ms
[19:08:29.894 +00:00:43.241] [WEB] POST /api/v1/game/action 254ms
[19:08:30.021 +00:00:43.368] [WEB] GET /api/v1/frame.png 115ms
[19:08:30.186 +00:00:43.533] [WEB] GET /api/status 33ms
[19:08:30.237 +00:00:43.585] [WEB] GET /api/input/ports 46ms
[19:08:30.265 +00:00:43.613] [WEB] GET /api/events 23ms
[19:08:30.306 +00:00:43.653] [WEB] GET /api/sprites 35ms
[19:08:30.839 +00:00:44.187] [WEB] GET /api/v1/frame.png 107ms
[19:08:30.879 +00:00:44.227] [WEB] GET /api/status 37ms
[19:08:30.905 +00:00:44.252] [WEB] GET /api/input/ports 23ms
[19:08:30.933 +00:00:44.280] [WEB] GET /api/events 21ms
[19:08:30.964 +00:00:44.311] [WEB] GET /api/sprites 27ms
[19:08:31.587 +00:00:44.935] [WEB] POST /api/v1/game/action 446ms
[19:08:31.868 +00:00:45.215] [WEB] GET /api/v1/frame.png 129ms
[19:08:31.922 +00:00:45.270] [WEB] GET /api/status 52ms
[19:08:31.969 +00:00:45.317] [WEB] GET /api/input/ports 40ms
[19:08:32.037 +00:00:45.384] [WEB] GET /api/events 51ms
[19:08:32.080 +00:00:45.427] [WEB] GET /api/sprites 38ms
[19:08:32.856 +00:00:46.204] [WEB] POST /api/v1/game/action 223ms
[19:08:32.945 +00:00:46.293] [WEB] GET /api/v1/frame.png 81ms
[19:08:32.972 +00:00:46.320] [WEB] GET /api/status 25ms
[19:08:32.996 +00:00:46.344] [WEB] GET /api/input/ports 22ms
[19:08:33.030 +00:00:46.378] [WEB] GET /api/events 28ms
[19:08:33.068 +00:00:46.415] [WEB] GET /api/sprites 32ms
[19:08:33.795 +00:00:47.143] [WEB] GET /api/v1/frame.png 69ms
[19:08:33.821 +00:00:47.168] [WEB] GET /api/status 24ms
[19:08:33.846 +00:00:47.194] [WEB] GET /api/input/ports 23ms
[19:08:33.873 +00:00:47.220] [WEB] GET /api/events 21ms
[19:08:33.901 +00:00:47.248] [WEB] GET /api/sprites 26ms
[19:08:34.371 +00:00:47.718] [WEB] POST /api/v1/game/action 237ms
[19:08:34.828 +00:00:48.175] [WEB] GET /api/v1/frame.png 91ms
[19:08:34.859 +00:00:48.206] [WEB] GET /api/status 27ms
[19:08:34.886 +00:00:48.233] [WEB] GET /api/input/ports 24ms
[19:08:34.914 +00:00:48.262] [WEB] GET /api/events 25ms
[19:08:34.947 +00:00:48.295] [WEB] GET /api/sprites 29ms
[19:08:35.844 +00:00:49.192] [WEB] POST /api/v1/game/action 210ms
[19:08:35.908 +00:00:49.256] [WEB] GET /api/v1/frame.png 59ms
[19:08:35.933 +00:00:49.280] [WEB] GET /api/status 23ms
[19:08:35.960 +00:00:49.307] [WEB] GET /api/input/ports 22ms
[19:08:35.985 +00:00:49.332] [WEB] GET /api/events 21ms
[19:08:36.012 +00:00:49.360] [WEB] GET /api/sprites 25ms
[19:08:36.811 +00:00:50.159] [WEB] GET /api/v1/frame.png 74ms
[19:08:36.841 +00:00:50.189] [WEB] GET /api/status 26ms
[19:08:36.867 +00:00:50.214] [WEB] GET /api/input/ports 22ms
[19:08:36.892 +00:00:50.239] [WEB] GET /api/events 21ms
[19:08:36.924 +00:00:50.272] [WEB] GET /api/sprites 29ms
[19:08:37.351 +00:00:50.699] [WEB] POST /api/v1/game/action 216ms
[19:08:37.813 +00:00:51.160] [WEB] GET /api/v1/frame.png 75ms
[19:08:37.841 +00:00:51.188] [WEB] GET /api/status 25ms
[19:08:37.866 +00:00:51.213] [WEB] GET /api/input/ports 22ms
[19:08:37.893 +00:00:51.241] [WEB] GET /api/events 25ms
[19:08:37.928 +00:00:51.275] [WEB] GET /api/sprites 31ms
[19:08:38.858 +00:00:52.205] [WEB] POST /api/v1/game/action 220ms
[19:08:38.922 +00:00:52.270] [WEB] GET /api/v1/frame.png 61ms
[19:08:38.948 +00:00:52.295] [WEB] GET /api/status 23ms
[19:08:38.974 +00:00:52.321] [WEB] GET /api/input/ports 23ms
[19:08:39.000 +00:00:52.347] [WEB] GET /api/events 23ms
[19:08:39.032 +00:00:52.379] [WEB] GET /api/sprites 28ms
[19:08:39.812 +00:00:53.159] [WEB] GET /api/v1/frame.png 71ms
[19:08:39.843 +00:00:53.190] [WEB] GET /api/status 28ms
[19:08:39.868 +00:00:53.215] [WEB] GET /api/input/ports 22ms
[19:08:39.894 +00:00:53.242] [WEB] GET /api/events 23ms
[19:08:39.928 +00:00:53.275] [WEB] GET /api/sprites 31ms
[19:08:40.364 +00:00:53.711] [WEB] POST /api/v1/game/action 225ms
[19:08:40.823 +00:00:54.170] [WEB] GET /api/v1/frame.png 81ms
[19:08:40.868 +00:00:54.216] [WEB] GET /api/status 42ms
[19:08:40.895 +00:00:54.242] [WEB] GET /api/input/ports 24ms
[19:08:40.921 +00:00:54.269] [WEB] GET /api/events 23ms
[19:08:40.955 +00:00:54.302] [WEB] GET /api/sprites 29ms
[19:08:41.847 +00:00:55.194] [WEB] POST /api/v1/game/action 206ms
[19:08:41.925 +00:00:55.272] [WEB] GET /api/v1/frame.png 71ms
[19:08:41.962 +00:00:55.309] [WEB] GET /api/status 34ms
[19:08:41.990 +00:00:55.338] [WEB] GET /api/input/ports 24ms
[19:08:42.016 +00:00:55.364] [WEB] GET /api/events 23ms
[19:08:42.045 +00:00:55.393] [WEB] GET /api/sprites 27ms
[19:08:42.825 +00:00:56.172] [WEB] GET /api/v1/frame.png 98ms
[19:08:42.859 +00:00:56.206] [WEB] GET /api/status 33ms
[19:08:42.888 +00:00:56.235] [WEB] GET /api/input/ports 24ms
[19:08:42.916 +00:00:56.264] [WEB] GET /api/events 23ms
[19:08:42.947 +00:00:56.295] [WEB] GET /api/sprites 27ms
[19:08:43.362 +00:00:56.710] [WEB] POST /api/v1/game/action 221ms
[19:08:43.803 +00:00:57.150] [WEB] GET /api/v1/frame.png 76ms
[19:08:43.827 +00:00:57.175] [WEB] GET /api/status 22ms
[19:08:43.856 +00:00:57.204] [WEB] GET /api/input/ports 26ms
[19:08:43.888 +00:00:57.235] [WEB] GET /api/events 27ms
[19:08:43.919 +00:00:57.267] [WEB] GET /api/sprites 29ms
[19:08:44.853 +00:00:58.200] [WEB] POST /api/v1/game/action 221ms
[19:08:44.943 +00:00:58.290] [WEB] GET /api/v1/frame.png 86ms
[19:08:44.970 +00:00:58.318] [WEB] GET /api/status 26ms
[19:08:44.999 +00:00:58.347] [WEB] GET /api/input/ports 24ms
[19:08:45.024 +00:00:58.371] [WEB] GET /api/events 21ms
[19:08:45.064 +00:00:58.411] [WEB] GET /api/sprites 32ms
[19:08:45.790 +00:00:59.137] [WEB] GET /api/v1/frame.png 63ms
[19:08:45.838 +00:00:59.185] [WEB] GET /api/status 46ms
[19:08:45.865 +00:00:59.213] [WEB] GET /api/input/ports 24ms
[19:08:45.891 +00:00:59.238] [WEB] GET /api/events 22ms
[19:08:45.926 +00:00:59.273] [WEB] GET /api/sprites 31ms
[19:08:46.368 +00:00:59.715] [WEB] POST /api/v1/game/action 224ms
[19:08:46.815 +00:01:00.163] [WEB] GET /api/v1/frame.png 87ms
[19:08:46.855 +00:01:00.202] [WEB] GET /api/status 36ms
[19:08:46.908 +00:01:00.255] [WEB] GET /api/input/ports 46ms
[19:08:46.950 +00:01:00.297] [WEB] GET /api/events 39ms
[19:08:46.995 +00:01:00.342] [WEB] GET /api/sprites 39ms
[19:08:47.864 +00:01:01.212] [WEB] POST /api/v1/game/action 219ms
[19:08:47.943 +00:01:01.291] [WEB] GET /api/v1/frame.png 75ms
[19:08:47.975 +00:01:01.322] [WEB] GET /api/status 29ms
[19:08:48.001 +00:01:01.348] [WEB] GET /api/input/ports 23ms
[19:08:48.027 +00:01:01.374] [WEB] GET /api/events 22ms
[19:08:48.056 +00:01:01.403] [WEB] GET /api/sprites 26ms
[19:08:48.802 +00:01:02.150] [WEB] GET /api/v1/frame.png 72ms
[19:08:48.827 +00:01:02.175] [WEB] GET /api/status 23ms
[19:08:48.854 +00:01:02.201] [WEB] GET /api/input/ports 22ms
[19:08:48.880 +00:01:02.227] [WEB] GET /api/events 23ms
[19:08:48.909 +00:01:02.256] [WEB] GET /api/sprites 26ms
[19:08:49.364 +00:01:02.711] [WEB] POST /api/v1/game/action 214ms
[19:08:49.830 +00:01:03.177] [WEB] GET /api/v1/frame.png 98ms
[19:08:49.869 +00:01:03.216] [WEB] GET /api/status 36ms
[19:08:49.894 +00:01:03.242] [WEB] GET /api/input/ports 23ms
[19:08:49.920 +00:01:03.267] [WEB] GET /api/events 21ms
[19:08:49.950 +00:01:03.297] [WEB] GET /api/sprites 27ms
[19:08:50.843 +00:01:04.191] [WEB] POST /api/v1/game/action 211ms
[19:08:50.930 +00:01:04.277] [WEB] GET /api/v1/frame.png 83ms
[19:08:50.956 +00:01:04.304] [WEB] GET /api/status 23ms
[19:08:50.983 +00:01:04.330] [WEB] GET /api/input/ports 23ms
[19:08:51.007 +00:01:04.354] [WEB] GET /api/events 21ms
[19:08:51.037 +00:01:04.384] [WEB] GET /api/sprites 27ms
[19:08:51.833 +00:01:05.180] [WEB] GET /api/v1/frame.png 100ms
[19:08:51.862 +00:01:05.209] [WEB] GET /api/status 27ms
[19:08:51.888 +00:01:05.236] [WEB] GET /api/input/ports 23ms
[19:08:51.914 +00:01:05.261] [WEB] GET /api/events 22ms
[19:08:51.945 +00:01:05.292] [WEB] GET /api/sprites 28ms
[19:08:52.338 +00:01:05.686] [WEB] POST /api/v1/game/action 204ms
[19:08:52.832 +00:01:06.179] [WEB] GET /api/v1/frame.png 97ms
[19:08:52.884 +00:01:06.231] [WEB] GET /api/status 48ms
[19:08:52.916 +00:01:06.264] [WEB] GET /api/input/ports 26ms
[19:08:52.946 +00:01:06.294] [WEB] GET /api/events 25ms
[19:08:52.982 +00:01:06.329] [WEB] GET /api/sprites 32ms
[19:08:53.835 +00:01:07.183] [WEB] POST /api/v1/game/action 202ms
[19:08:53.919 +00:01:07.266] [WEB] GET /api/v1/frame.png 77ms
[19:08:53.951 +00:01:07.299] [WEB] GET /api/status 30ms
[19:08:53.978 +00:01:07.326] [WEB] GET /api/input/ports 22ms
[19:08:54.002 +00:01:07.349] [WEB] GET /api/events 22ms
[19:08:54.030 +00:01:07.378] [WEB] GET /api/sprites 26ms
[19:08:54.820 +00:01:08.167] [WEB] GET /api/v1/frame.png 84ms
[19:08:54.847 +00:01:08.195] [WEB] GET /api/status 25ms
[19:08:54.874 +00:01:08.221] [WEB] GET /api/input/ports 23ms
[19:08:54.899 +00:01:08.247] [WEB] GET /api/events 22ms
[19:08:54.930 +00:01:08.277] [WEB] GET /api/sprites 27ms
[19:08:55.366 +00:01:08.713] [WEB] POST /api/v1/game/action 230ms
[19:08:55.815 +00:01:09.162] [WEB] GET /api/v1/frame.png 79ms
[19:08:55.841 +00:01:09.188] [WEB] GET /api/status 25ms
[19:08:55.868 +00:01:09.216] [WEB] GET /api/input/ports 22ms
[19:08:55.893 +00:01:09.240] [WEB] GET /api/events 22ms
[19:08:55.929 +00:01:09.277] [WEB] GET /api/sprites 33ms
[19:08:56.854 +00:01:10.201] [WEB] POST /api/v1/game/action 216ms
[19:08:56.940 +00:01:10.287] [WEB] GET /api/v1/frame.png 82ms
[19:08:56.978 +00:01:10.326] [WEB] GET /api/status 35ms
[19:08:57.004 +00:01:10.351] [WEB] GET /api/input/ports 22ms
[19:08:57.033 +00:01:10.380] [WEB] GET /api/events 24ms
[19:08:57.065 +00:01:10.412] [WEB] GET /api/sprites 26ms
[19:08:57.821 +00:01:11.168] [WEB] GET /api/v1/frame.png 81ms
[19:08:57.860 +00:01:11.208] [WEB] GET /api/status 36ms
[19:08:57.886 +00:01:11.233] [WEB] GET /api/input/ports 24ms
[19:08:57.911 +00:01:11.259] [WEB] GET /api/events 20ms
[19:08:57.941 +00:01:11.288] [WEB] GET /api/sprites 27ms
[19:08:58.351 +00:01:11.699] [WEB] POST /api/v1/game/action 212ms
[19:08:58.805 +00:01:12.153] [WEB] GET /api/v1/frame.png 65ms
[19:08:58.832 +00:01:12.179] [WEB] GET /api/status 24ms
[19:08:58.863 +00:01:12.210] [WEB] GET /api/input/ports 28ms
[19:08:58.887 +00:01:12.234] [WEB] GET /api/events 22ms
[19:08:58.919 +00:01:12.267] [WEB] GET /api/sprites 29ms
[19:08:59.865 +00:01:13.213] [WEB] POST /api/v1/game/action 225ms
[19:08:59.929 +00:01:13.277] [WEB] GET /api/v1/frame.png 61ms
[19:08:59.953 +00:01:13.301] [WEB] GET /api/status 21ms
[19:08:59.980 +00:01:13.328] [WEB] GET /api/input/ports 22ms
[19:09:00.021 +00:01:13.369] [WEB] GET /api/events 38ms
[19:09:00.075 +00:01:13.423] [WEB] GET /api/sprites 43ms
[19:09:00.825 +00:01:14.173] [WEB] GET /api/v1/frame.png 99ms
[19:09:00.853 +00:01:14.201] [WEB] GET /api/status 26ms
[19:09:00.879 +00:01:14.227] [WEB] GET /api/input/ports 23ms
[19:09:00.906 +00:01:14.253] [WEB] GET /api/events 23ms
[19:09:00.935 +00:01:14.282] [WEB] GET /api/sprites 26ms
[19:09:01.361 +00:01:14.709] [WEB] POST /api/v1/game/action 219ms
[19:09:01.806 +00:01:15.154] [WEB] GET /api/v1/frame.png 80ms
[19:09:01.831 +00:01:15.178] [WEB] GET /api/status 22ms
[19:09:01.856 +00:01:15.203] [WEB] GET /api/input/ports 22ms
[19:09:01.881 +00:01:15.228] [WEB] GET /api/events 21ms
[19:09:01.911 +00:01:15.258] [WEB] GET /api/sprites 27ms
[19:09:02.875 +00:01:16.222] [WEB] POST /api/v1/game/action 230ms
[19:09:02.959 +00:01:16.306] [WEB] GET /api/v1/frame.png 78ms
[19:09:02.985 +00:01:16.333] [WEB] GET /api/status 25ms
[19:09:03.016 +00:01:16.363] [WEB] GET /api/input/ports 27ms
[19:09:03.050 +00:01:16.398] [WEB] GET /api/events 29ms
[19:09:03.081 +00:01:16.429] [WEB] GET /api/sprites 27ms
[19:09:03.810 +00:01:17.157] [WEB] GET /api/v1/frame.png 81ms
[19:09:03.838 +00:01:17.186] [WEB] GET /api/status 26ms
[19:09:03.865 +00:01:17.213] [WEB] GET /api/input/ports 24ms
[19:09:03.891 +00:01:17.238] [WEB] GET /api/events 22ms
[19:09:03.921 +00:01:17.269] [WEB] GET /api/sprites 27ms
[19:09:04.364 +00:01:17.711] [WEB] POST /api/v1/game/action 220ms
[19:09:04.814 +00:01:18.162] [WEB] GET /api/v1/frame.png 78ms
[19:09:04.840 +00:01:18.188] [WEB] GET /api/status 23ms
[19:09:04.865 +00:01:18.212] [WEB] GET /api/input/ports 22ms
[19:09:04.893 +00:01:18.240] [WEB] GET /api/events 25ms
[19:09:04.924 +00:01:18.271] [WEB] GET /api/sprites 27ms
[19:09:05.861 +00:01:19.208] [WEB] POST /api/v1/game/action 215ms
[19:09:05.937 +00:01:19.284] [WEB] GET /api/v1/frame.png 72ms
[19:09:05.976 +00:01:19.323] [WEB] GET /api/status 37ms
[19:09:06.003 +00:01:19.350] [WEB] GET /api/input/ports 21ms
[19:09:06.028 +00:01:19.376] [WEB] GET /api/events 22ms
[19:09:06.057 +00:01:19.405] [WEB] GET /api/sprites 26ms
[19:09:06.810 +00:01:20.158] [WEB] GET /api/v1/frame.png 80ms
[19:09:06.834 +00:01:20.181] [WEB] GET /api/status 21ms
[19:09:06.859 +00:01:20.207] [WEB] GET /api/input/ports 22ms
[19:09:06.886 +00:01:20.233] [WEB] GET /api/events 23ms
[19:09:06.916 +00:01:20.263] [WEB] GET /api/sprites 28ms
[19:09:07.390 +00:01:20.738] [WEB] POST /api/v1/game/action 242ms
[19:09:07.832 +00:01:21.179] [WEB] GET /api/v1/frame.png 99ms
[19:09:07.864 +00:01:21.211] [WEB] GET /api/status 28ms
[19:09:07.894 +00:01:21.242] [WEB] GET /api/input/ports 24ms
[19:09:07.925 +00:01:21.273] [WEB] GET /api/events 26ms
[19:09:07.960 +00:01:21.308] [WEB] GET /api/sprites 31ms
[19:09:08.869 +00:01:22.217] [WEB] POST /api/v1/game/action 223ms
[19:09:08.934 +00:01:22.282] [WEB] GET /api/v1/frame.png 61ms
[19:09:08.958 +00:01:22.306] [WEB] GET /api/status 22ms
[19:09:08.987 +00:01:22.334] [WEB] GET /api/input/ports 23ms
[19:09:09.017 +00:01:22.364] [WEB] GET /api/events 26ms
[19:09:09.057 +00:01:22.405] [WEB] GET /api/sprites 34ms
[19:09:09.816 +00:01:23.163] [WEB] GET /api/v1/frame.png 82ms
[19:09:09.860 +00:01:23.207] [WEB] GET /api/status 41ms
[19:09:09.887 +00:01:23.234] [WEB] GET /api/input/ports 24ms
[19:09:09.912 +00:01:23.259] [WEB] GET /api/events 22ms
[19:09:09.941 +00:01:23.289] [WEB] GET /api/sprites 27ms
[19:09:10.341 +00:01:23.688] [WEB] POST /api/v1/game/action 207ms
[19:09:10.790 +00:01:24.137] [WEB] GET /api/v1/frame.png 63ms
[19:09:10.819 +00:01:24.166] [WEB] GET /api/status 27ms
[19:09:10.847 +00:01:24.194] [WEB] GET /api/input/ports 23ms
[19:09:10.875 +00:01:24.222] [WEB] GET /api/events 25ms
[19:09:10.903 +00:01:24.251] [WEB] GET /api/sprites 25ms
[19:09:11.352 +00:01:24.700] [WEB] POST /api/v1/game/action 200ms
[19:09:11.434 +00:01:24.781] [WEB] GET /api/v1/frame.png 79ms
[19:09:11.461 +00:01:24.808] [WEB] GET /api/status 25ms
[19:09:11.492 +00:01:24.839] [WEB] GET /api/input/ports 26ms
[19:09:11.517 +00:01:24.864] [WEB] GET /api/events 22ms
[19:09:11.546 +00:01:24.893] [WEB] GET /api/sprites 25ms
[19:09:11.835 +00:01:25.182] [WEB] POST /api/v1/game/action 199ms
[19:09:11.900 +00:01:25.248] [WEB] GET /api/v1/frame.png 60ms
[19:09:11.926 +00:01:25.273] [WEB] GET /api/status 24ms
[19:09:11.962 +00:01:25.309] [WEB] GET /api/input/ports 33ms
[19:09:11.998 +00:01:25.346] [WEB] GET /api/events 33ms
[19:09:12.028 +00:01:25.376] [WEB] GET /api/sprites 26ms
[19:09:12.833 +00:01:26.181] [WEB] GET /api/v1/frame.png 94ms
[19:09:12.862 +00:01:26.209] [WEB] GET /api/status 26ms
[19:09:12.896 +00:01:26.244] [WEB] GET /api/input/ports 29ms
[19:09:12.924 +00:01:26.272] [WEB] GET /api/events 25ms
[19:09:12.957 +00:01:26.304] [WEB] GET /api/sprites 30ms
[19:09:13.332 +00:01:26.680] [WEB] POST /api/v1/game/action 197ms
[19:09:13.817 +00:01:27.165] [WEB] GET /api/v1/frame.png 81ms
[19:09:13.855 +00:01:27.203] [WEB] GET /api/status 35ms
[19:09:13.880 +00:01:27.228] [WEB] GET /api/input/ports 22ms
[19:09:13.908 +00:01:27.255] [WEB] GET /api/events 24ms
[19:09:13.941 +00:01:27.288] [WEB] GET /api/sprites 30ms
[19:09:14.854 +00:01:28.201] [WEB] POST /api/v1/game/action 216ms
[19:09:14.935 +00:01:28.283] [WEB] GET /api/v1/frame.png 75ms
[19:09:14.962 +00:01:28.310] [WEB] GET /api/status 25ms
[19:09:14.994 +00:01:28.341] [WEB] GET /api/input/ports 28ms
[19:09:15.023 +00:01:28.371] [WEB] GET /api/events 26ms
[19:09:15.053 +00:01:28.401] [WEB] GET /api/sprites 27ms
[19:09:15.846 +00:01:29.193] [WEB] GET /api/v1/frame.png 106ms
[19:09:15.876 +00:01:29.224] [WEB] GET /api/status 29ms
[19:09:15.902 +00:01:29.250] [WEB] GET /api/input/ports 23ms
[19:09:15.930 +00:01:29.278] [WEB] GET /api/events 24ms
[19:09:15.969 +00:01:29.316] [WEB] GET /api/sprites 35ms
[19:09:16.349 +00:01:29.697] [WEB] POST /api/v1/game/action 213ms
[19:09:16.821 +00:01:30.169] [WEB] GET /api/v1/frame.png 81ms
[19:09:16.857 +00:01:30.204] [WEB] GET /api/status 34ms
[19:09:16.884 +00:01:30.232] [WEB] GET /api/input/ports 22ms
[19:09:16.910 +00:01:30.257] [WEB] GET /api/events 23ms
[19:09:16.940 +00:01:30.287] [WEB] GET /api/sprites 27ms
[19:09:17.880 +00:01:31.228] [WEB] POST /api/v1/game/action 240ms
[19:09:17.970 +00:01:31.318] [WEB] GET /api/v1/frame.png 83ms
[19:09:17.998 +00:01:31.345] [WEB] GET /api/status 25ms
[19:09:18.026 +00:01:31.373] [WEB] GET /api/input/ports 22ms
[19:09:18.051 +00:01:31.398] [WEB] GET /api/events 22ms
[19:09:18.080 +00:01:31.427] [WEB] GET /api/sprites 26ms
[19:09:18.831 +00:01:32.178] [WEB] GET /api/v1/frame.png 91ms
[19:09:18.862 +00:01:32.209] [WEB] GET /api/status 30ms
[19:09:18.896 +00:01:32.243] [WEB] GET /api/input/ports 26ms
[19:09:18.925 +00:01:32.272] [WEB] GET /api/events 25ms
[19:09:18.966 +00:01:32.313] [WEB] GET /api/sprites 34ms
[19:09:19.380 +00:01:32.727] [WEB] POST /api/v1/game/action 235ms
[19:09:19.817 +00:01:33.165] [WEB] GET /api/v1/frame.png 91ms
[19:09:19.842 +00:01:33.189] [WEB] GET /api/status 22ms
[19:09:19.869 +00:01:33.216] [WEB] GET /api/input/ports 23ms
[19:09:19.896 +00:01:33.243] [WEB] GET /api/events 25ms
[19:09:19.927 +00:01:33.275] [WEB] GET /api/sprites 29ms
[19:09:20.858 +00:01:34.205] [WEB] POST /api/v1/game/action 215ms
[19:09:20.940 +00:01:34.288] [WEB] GET /api/v1/frame.png 79ms
[19:09:20.967 +00:01:34.315] [WEB] GET /api/status 24ms
[19:09:20.993 +00:01:34.340] [WEB] GET /api/input/ports 23ms
[19:09:21.020 +00:01:34.367] [WEB] GET /api/events 23ms
[19:09:21.049 +00:01:34.397] [WEB] GET /api/sprites 27ms
[19:09:21.795 +00:01:35.142] [WEB] GET /api/v1/frame.png 67ms
[19:09:21.820 +00:01:35.167] [WEB] GET /api/status 22ms
[19:09:21.848 +00:01:35.195] [WEB] GET /api/input/ports 25ms
[19:09:21.872 +00:01:35.219] [WEB] GET /api/events 21ms
[19:09:21.905 +00:01:35.252] [WEB] GET /api/sprites 29ms
[19:09:22.362 +00:01:35.709] [WEB] POST /api/v1/game/action 218ms
[19:09:22.803 +00:01:36.150] [WEB] GET /api/v1/frame.png 75ms
[19:09:22.828 +00:01:36.175] [WEB] GET /api/status 23ms
[19:09:22.856 +00:01:36.203] [WEB] GET /api/input/ports 22ms
[19:09:22.882 +00:01:36.229] [WEB] GET /api/events 23ms
[19:09:22.917 +00:01:36.264] [WEB] GET /api/sprites 33ms
[19:09:23.890 +00:01:37.237] [WEB] POST /api/v1/game/action 247ms
[19:09:23.987 +00:01:37.335] [WEB] GET /api/v1/frame.png 90ms
[19:09:24.016 +00:01:37.364] [WEB] GET /api/status 28ms
[19:09:24.040 +00:01:37.387] [WEB] GET /api/input/ports 20ms
[19:09:24.069 +00:01:37.416] [WEB] GET /api/events 26ms
[19:09:24.100 +00:01:37.447] [WEB] GET /api/sprites 27ms
[19:09:24.811 +00:01:38.158] [WEB] GET /api/v1/frame.png 84ms
[19:09:24.853 +00:01:38.201] [WEB] GET /api/status 37ms
[19:09:24.879 +00:01:38.226] [WEB] GET /api/input/ports 22ms
[19:09:24.904 +00:01:38.251] [WEB] GET /api/events 22ms
[19:09:24.935 +00:01:38.282] [WEB] GET /api/sprites 27ms
[19:09:25.367 +00:01:38.715] [WEB] POST /api/v1/game/action 220ms
[19:09:25.798 +00:01:39.146] [WEB] GET /api/v1/frame.png 72ms
[19:09:25.825 +00:01:39.173] [WEB] GET /api/status 24ms
[19:09:25.868 +00:01:39.215] [WEB] GET /api/input/ports 35ms
[19:09:25.892 +00:01:39.239] [WEB] GET /api/events 22ms
[19:09:25.922 +00:01:39.269] [WEB] GET /api/sprites 26ms
[19:09:26.922 +00:01:40.269] [WEB] POST /api/v1/game/action 274ms
[19:09:27.014 +00:01:40.362] [WEB] GET /api/v1/frame.png 85ms
[19:09:27.051 +00:01:40.398] [WEB] GET /api/status 34ms
[19:09:27.076 +00:01:40.423] [WEB] GET /api/input/ports 22ms
[19:09:27.103 +00:01:40.451] [WEB] GET /api/events 23ms
[19:09:27.140 +00:01:40.487] [WEB] GET /api/sprites 33ms
[19:09:27.818 +00:01:41.165] [WEB] GET /api/v1/frame.png 81ms
[19:09:27.848 +00:01:41.195] [WEB] GET /api/status 27ms
[19:09:27.878 +00:01:41.225] [WEB] GET /api/input/ports 27ms
[19:09:27.911 +00:01:41.259] [WEB] GET /api/events 30ms
[19:09:27.944 +00:01:41.292] [WEB] GET /api/sprites 28ms
[19:09:28.338 +00:01:41.686] [WEB] POST /api/v1/game/action 205ms
[19:09:28.814 +00:01:42.162] [WEB] GET /api/v1/frame.png 74ms
[19:09:28.858 +00:01:42.205] [WEB] GET /api/status 41ms
[19:09:28.884 +00:01:42.231] [WEB] GET /api/input/ports 22ms
[19:09:28.910 +00:01:42.257] [WEB] GET /api/events 23ms
[19:09:28.943 +00:01:42.291] [WEB] GET /api/sprites 30ms
[19:09:29.855 +00:01:43.202] [WEB] POST /api/v1/game/action 222ms
[19:09:29.921 +00:01:43.269] [WEB] GET /api/v1/frame.png 61ms
[19:09:29.946 +00:01:43.293] [WEB] GET /api/status 21ms
[19:09:29.972 +00:01:43.319] [WEB] GET /api/input/ports 23ms
[19:09:29.996 +00:01:43.344] [WEB] GET /api/events 22ms
[19:09:30.028 +00:01:43.376] [WEB] GET /api/sprites 28ms
[19:09:30.795 +00:01:44.142] [WEB] GET /api/v1/frame.png 68ms
[19:09:30.832 +00:01:44.180] [WEB] GET /api/status 33ms
[19:09:30.865 +00:01:44.212] [WEB] GET /api/input/ports 21ms
[19:09:30.893 +00:01:44.241] [WEB] GET /api/events 22ms
[19:09:30.925 +00:01:44.273] [WEB] GET /api/sprites 29ms
[19:09:31.391 +00:01:44.738] [WEB] POST /api/v1/game/action 253ms
[19:09:31.809 +00:01:45.156] [WEB] GET /api/v1/frame.png 68ms
[19:09:31.834 +00:01:45.182] [WEB] GET /api/status 23ms
[19:09:31.863 +00:01:45.210] [WEB] GET /api/input/ports 24ms
[19:09:31.899 +00:01:45.246] [WEB] GET /api/events 29ms
[19:09:31.931 +00:01:45.278] [WEB] GET /api/sprites 27ms
[19:09:32.868 +00:01:46.215] [WEB] POST /api/v1/game/action 231ms
[19:09:32.936 +00:01:46.284] [WEB] GET /api/v1/frame.png 65ms
[19:09:32.958 +00:01:46.305] [WEB] GET /api/status 19ms
[19:09:32.984 +00:01:46.331] [WEB] GET /api/input/ports 22ms
[19:09:33.010 +00:01:46.358] [WEB] GET /api/events 21ms
[19:09:33.042 +00:01:46.389] [WEB] GET /api/sprites 28ms
[19:09:33.844 +00:01:47.192] [WEB] GET /api/v1/frame.png 104ms
[19:09:33.877 +00:01:47.225] [WEB] GET /api/status 31ms
[19:09:33.903 +00:01:47.250] [WEB] GET /api/input/ports 22ms
[19:09:33.931 +00:01:47.279] [WEB] GET /api/events 24ms
[19:09:33.966 +00:01:47.313] [WEB] GET /api/sprites 31ms
[19:09:34.344 +00:01:47.692] [WEB] POST /api/v1/game/action 207ms
[19:09:34.813 +00:01:48.160] [WEB] GET /api/v1/frame.png 74ms
[19:09:34.839 +00:01:48.186] [WEB] GET /api/status 23ms
[19:09:34.865 +00:01:48.212] [WEB] GET /api/input/ports 23ms
[19:09:34.892 +00:01:48.240] [WEB] GET /api/events 24ms
[19:09:34.923 +00:01:48.271] [WEB] GET /api/sprites 28ms
[19:09:35.858 +00:01:49.205] [WEB] POST /api/v1/game/action 218ms
[19:09:35.938 +00:01:49.285] [WEB] GET /api/v1/frame.png 77ms
[19:09:35.969 +00:01:49.316] [WEB] GET /api/status 28ms
[19:09:35.994 +00:01:49.342] [WEB] GET /api/input/ports 22ms
[19:09:36.020 +00:01:49.367] [WEB] GET /api/events 23ms
[19:09:36.050 +00:01:49.397] [WEB] GET /api/sprites 25ms
[19:09:36.800 +00:01:50.148] [WEB] GET /api/v1/frame.png 61ms
[19:09:36.826 +00:01:50.173] [WEB] GET /api/status 25ms
[19:09:36.851 +00:01:50.198] [WEB] GET /api/input/ports 21ms
[19:09:36.877 +00:01:50.225] [WEB] GET /api/events 24ms
[19:09:36.908 +00:01:50.255] [WEB] GET /api/sprites 27ms
[19:09:37.368 +00:01:50.716] [WEB] POST /api/v1/game/action 228ms
[19:09:37.800 +00:01:51.148] [WEB] GET /api/v1/frame.png 59ms
[19:09:37.826 +00:01:51.173] [WEB] GET /api/status 23ms
[19:09:37.852 +00:01:51.200] [WEB] GET /api/input/ports 23ms
[19:09:37.879 +00:01:51.226] [WEB] GET /api/events 23ms
[19:09:37.908 +00:01:51.256] [WEB] GET /api/sprites 27ms
[19:09:39.071 +00:01:52.419] [WEB] POST /api/v1/game/action 427ms
[19:09:39.265 +00:01:52.612] [WEB] GET /api/v1/frame.png 174ms
[19:09:39.345 +00:01:52.693] [WEB] GET /api/status 73ms
[19:09:39.407 +00:01:52.754] [WEB] GET /api/input/ports 53ms
[19:09:39.482 +00:01:52.829] [WEB] GET /api/events 62ms
[19:09:39.517 +00:01:52.864] [WEB] GET /api/sprites 31ms
[19:09:39.827 +00:01:53.174] [WEB] GET /api/v1/frame.png 97ms
[19:09:39.864 +00:01:53.212] [WEB] GET /api/status 34ms
[19:09:39.902 +00:01:53.249] [WEB] GET /api/input/ports 33ms
[19:09:39.936 +00:01:53.283] [WEB] GET /api/events 30ms
[19:09:39.978 +00:01:53.326] [WEB] GET /api/sprites 34ms
[19:09:40.384 +00:01:53.732] [WEB] POST /api/v1/game/action 239ms
[19:09:40.844 +00:01:54.191] [WEB] GET /api/v1/frame.png 111ms
[19:09:40.896 +00:01:54.244] [WEB] GET /api/status 48ms
[19:09:40.930 +00:01:54.277] [WEB] GET /api/input/ports 26ms
[19:09:40.957 +00:01:54.305] [WEB] GET /api/events 24ms
[19:09:40.996 +00:01:54.343] [WEB] GET /api/sprites 33ms
[19:09:41.879 +00:01:55.226] [WEB] POST /api/v1/game/action 231ms
[19:09:41.999 +00:01:55.347] [WEB] GET /api/v1/frame.png 114ms
[19:09:42.063 +00:01:55.410] [WEB] GET /api/status 55ms
[19:09:42.122 +00:01:55.469] [WEB] GET /api/input/ports 51ms
[19:09:42.203 +00:01:55.551] [WEB] GET /api/events 64ms
[19:09:42.271 +00:01:55.619] [WEB] GET /api/sprites 65ms
[19:09:42.808 +00:01:56.156] [WEB] GET /api/v1/frame.png 78ms
[19:09:42.853 +00:01:56.200] [WEB] GET /api/status 41ms
[19:09:42.884 +00:01:56.231] [WEB] GET /api/input/ports 28ms
[19:09:42.912 +00:01:56.259] [WEB] GET /api/events 24ms
[19:09:42.944 +00:01:56.291] [WEB] GET /api/sprites 27ms
[19:09:43.401 +00:01:56.748] [WEB] POST /api/v1/game/action 245ms
[19:09:43.811 +00:01:57.159] [WEB] GET /api/v1/frame.png 83ms
[19:09:43.855 +00:01:57.203] [WEB] GET /api/status 42ms
[19:09:43.886 +00:01:57.233] [WEB] GET /api/input/ports 26ms
[19:09:43.920 +00:01:57.268] [WEB] GET /api/events 31ms
[19:09:43.953 +00:01:57.300] [WEB] GET /api/sprites 30ms
[19:09:44.911 +00:01:58.258] [WEB] POST /api/v1/game/action 265ms
[19:09:45.013 +00:01:58.360] [WEB] GET /api/v1/frame.png 92ms
[19:09:45.056 +00:01:58.403] [WEB] GET /api/status 40ms
[19:09:45.085 +00:01:58.433] [WEB] GET /api/input/ports 25ms
[19:09:45.135 +00:01:58.482] [WEB] GET /api/events 46ms
[19:09:45.169 +00:01:58.517] [WEB] GET /api/sprites 32ms
[19:09:45.816 +00:01:59.164] [WEB] GET /api/v1/frame.png 80ms
[19:09:45.843 +00:01:59.190] [WEB] GET /api/status 24ms
[19:09:45.872 +00:01:59.219] [WEB] GET /api/input/ports 26ms
[19:09:45.904 +00:01:59.251] [WEB] GET /api/events 28ms
[19:09:45.935 +00:01:59.282] [WEB] GET /api/sprites 27ms
[19:09:46.383 +00:01:59.730] [WEB] POST /api/v1/game/action 231ms
[19:09:46.831 +00:02:00.179] [WEB] GET /api/v1/frame.png 99ms
[19:09:46.871 +00:02:00.218] [WEB] GET /api/status 37ms
[19:09:46.897 +00:02:00.244] [WEB] GET /api/input/ports 23ms
[19:09:46.926 +00:02:00.273] [WEB] GET /api/events 25ms
[19:09:46.960 +00:02:00.308] [WEB] GET /api/sprites 28ms
[19:09:47.857 +00:02:01.204] [WEB] POST /api/v1/game/action 222ms
[19:09:47.932 +00:02:01.279] [WEB] GET /api/v1/frame.png 69ms
[19:09:47.975 +00:02:01.322] [WEB] GET /api/status 41ms
[19:09:48.003 +00:02:01.350] [WEB] GET /api/input/ports 24ms
[19:09:48.029 +00:02:01.376] [WEB] GET /api/events 24ms
[19:09:48.061 +00:02:01.409] [WEB] GET /api/sprites 27ms
[19:09:48.833 +00:02:02.180] [WEB] GET /api/v1/frame.png 95ms
[19:09:48.870 +00:02:02.217] [WEB] GET /api/status 34ms
[19:09:48.899 +00:02:02.247] [WEB] GET /api/input/ports 25ms
[19:09:48.930 +00:02:02.277] [WEB] GET /api/events 25ms
[19:09:48.961 +00:02:02.309] [WEB] GET /api/sprites 29ms
[19:09:49.363 +00:02:02.710] [WEB] POST /api/v1/game/action 226ms
[19:09:49.819 +00:02:03.166] [WEB] GET /api/v1/frame.png 84ms
[19:09:49.847 +00:02:03.194] [WEB] GET /api/status 24ms
[19:09:49.875 +00:02:03.222] [WEB] GET /api/input/ports 25ms
[19:09:49.903 +00:02:03.251] [WEB] GET /api/events 25ms
[19:09:49.939 +00:02:03.287] [WEB] GET /api/sprites 31ms
[19:09:51.203 +00:02:04.550] [WEB] POST /api/v1/game/action 564ms
[19:09:51.300 +00:02:04.648] [WEB] GET /api/v1/frame.png 90ms
[19:09:51.349 +00:02:04.697] [WEB] GET /api/status 46ms
[19:09:51.379 +00:02:04.727] [WEB] GET /api/input/ports 24ms
[19:09:51.415 +00:02:04.762] [WEB] GET /api/events 33ms
[19:09:51.444 +00:02:04.792] [WEB] GET /api/sprites 28ms
[19:09:51.835 +00:02:05.182] [WEB] GET /api/v1/frame.png 96ms
[19:09:51.872 +00:02:05.219] [WEB] GET /api/status 34ms
[19:09:51.900 +00:02:05.248] [WEB] GET /api/input/ports 25ms
[19:09:51.937 +00:02:05.284] [WEB] GET /api/events 26ms
[19:09:51.974 +00:02:05.321] [WEB] GET /api/sprites 31ms
[19:09:52.589 +00:02:05.936] [WEB] POST /api/v1/game/action 449ms
[19:09:52.871 +00:02:06.218] [WEB] GET /api/v1/frame.png 127ms
[19:09:52.934 +00:02:06.281] [WEB] GET /api/status 60ms
[19:09:52.990 +00:02:06.338] [WEB] GET /api/input/ports 52ms
[19:09:53.046 +00:02:06.393] [WEB] GET /api/events 46ms
[19:09:53.089 +00:02:06.436] [WEB] GET /api/sprites 40ms
[19:09:53.944 +00:02:07.291] [WEB] POST /api/v1/game/action 293ms
[19:09:54.034 +00:02:07.382] [WEB] GET /api/v1/frame.png 86ms
[19:09:54.065 +00:02:07.413] [WEB] GET /api/status 28ms
[19:09:54.098 +00:02:07.446] [WEB] GET /api/input/ports 31ms
[19:09:54.127 +00:02:07.475] [WEB] GET /api/events 25ms
[19:09:54.163 +00:02:07.510] [WEB] GET /api/sprites 31ms
[19:09:54.816 +00:02:08.164] [WEB] GET /api/v1/frame.png 74ms
[19:09:54.849 +00:02:08.196] [WEB] GET /api/status 30ms
[19:09:54.900 +00:02:08.248] [WEB] GET /api/input/ports 48ms
[19:09:54.932 +00:02:08.279] [WEB] GET /api/events 29ms
[19:09:54.967 +00:02:08.315] [WEB] GET /api/sprites 33ms
[19:09:55.634 +00:02:08.982] [WEB] POST /api/v1/game/action 491ms
[19:09:55.859 +00:02:09.207] [WEB] GET /api/v1/frame.png 120ms
[19:09:55.886 +00:02:09.234] [WEB] GET /api/status 24ms
[19:09:55.916 +00:02:09.264] [WEB] GET /api/input/ports 27ms
[19:09:55.946 +00:02:09.294] [WEB] GET /api/events 27ms
[19:09:55.981 +00:02:09.329] [WEB] GET /api/sprites 32ms
[19:09:56.886 +00:02:10.233] [WEB] POST /api/v1/game/action 246ms
[19:09:57.018 +00:02:10.366] [WEB] GET /api/v1/frame.png 126ms
[19:09:57.162 +00:02:10.510] [WEB] GET /api/status 108ms
[19:09:57.290 +00:02:10.638] [WEB] GET /api/input/ports 104ms
[19:09:57.339 +00:02:10.686] [WEB] GET /api/events 37ms
[19:09:57.413 +00:02:10.761] [WEB] GET /api/sprites 58ms
[19:09:57.852 +00:02:11.199] [WEB] GET /api/v1/frame.png 121ms
[19:09:57.885 +00:02:11.233] [WEB] GET /api/status 30ms
[19:09:57.918 +00:02:11.265] [WEB] GET /api/input/ports 30ms
[19:09:57.950 +00:02:11.298] [WEB] GET /api/events 28ms
[19:09:57.984 +00:02:11.332] [WEB] GET /api/sprites 32ms
[19:09:58.716 +00:02:12.063] [WEB] POST /api/v1/game/action 581ms
[19:09:59.265 +00:02:12.612] [WEB] GET /api/v1/frame.png 109ms
[19:09:59.340 +00:02:12.687] [WEB] GET /api/status 71ms
[19:09:59.429 +00:02:12.776] [WEB] GET /api/input/ports 71ms
[19:09:59.523 +00:02:12.870] [WEB] GET /api/events 79ms
[19:09:59.653 +00:02:13.000] [WEB] GET /api/sprites 83ms
[19:10:00.469 +00:02:13.817] [WEB] POST /api/v1/game/action 319ms
[19:10:00.569 +00:02:13.917] [WEB] GET /api/v1/frame.png 94ms
[19:10:00.663 +00:02:14.011] [WEB] GET /api/status 90ms
[19:10:00.783 +00:02:14.131] [WEB] GET /api/input/ports 54ms
[19:10:00.833 +00:02:14.180] [WEB] GET /api/events 46ms
[19:10:00.889 +00:02:14.237] [WEB] GET /api/sprites 49ms
[19:10:01.434 +00:02:14.781] [WEB] POST /api/v1/game/action 283ms
[19:10:01.536 +00:02:14.884] [WEB] GET /api/v1/frame.png 99ms
[19:10:01.583 +00:02:14.930] [WEB] GET /api/status 42ms
[19:10:01.633 +00:02:14.980] [WEB] GET /api/input/ports 45ms
[19:10:01.660 +00:02:15.008] [WEB] GET /api/events 22ms
[19:10:01.692 +00:02:15.040] [WEB] GET /api/sprites 28ms
[19:10:02.277 +00:02:15.625] [WEB] GET /api/v1/frame.png 123ms
[19:10:02.316 +00:02:15.663] [WEB] GET /api/status 33ms
[19:10:02.406 +00:02:15.753] [WEB] GET /api/input/ports 44ms
[19:10:02.445 +00:02:15.792] [WEB] GET /api/events 33ms
[19:10:02.498 +00:02:15.846] [WEB] GET /api/sprites 47ms
[19:10:03.500 +00:02:16.848] [WEB] POST /api/v1/game/action 353ms
[19:10:03.599 +00:02:16.947] [WEB] GET /api/v1/frame.png 94ms
[19:10:03.651 +00:02:16.999] [WEB] GET /api/status 48ms
[19:10:03.699 +00:02:17.046] [WEB] GET /api/input/ports 44ms
[19:10:03.727 +00:02:17.074] [WEB] GET /api/events 23ms
[19:10:03.788 +00:02:17.136] [WEB] GET /api/sprites 57ms
[19:10:04.297 +00:02:17.644] [WEB] GET /api/v1/frame.png 136ms
[19:10:04.647 +00:02:17.994] [WEB] POST /api/v1/game/action 347ms
[19:10:04.700 +00:02:18.047] [WEB] GET /api/status 46ms
[19:10:04.752 +00:02:18.099] [WEB] GET /api/input/ports 45ms
[19:10:04.786 +00:02:18.133] [WEB] GET /api/events 26ms
[19:10:04.841 +00:02:18.188] [WEB] GET /api/sprites 49ms
[19:10:05.250 +00:02:18.597] [WEB] GET /api/v1/frame.png 89ms
[19:10:05.289 +00:02:18.636] [WEB] GET /api/status 36ms
[19:10:05.343 +00:02:18.691] [WEB] GET /api/input/ports 48ms
[19:10:05.371 +00:02:18.719] [WEB] GET /api/events 25ms
[19:10:05.408 +00:02:18.755] [WEB] GET /api/sprites 32ms
[19:10:06.414 +00:02:19.761] [WEB] POST /api/v1/game/action 268ms
[19:10:06.526 +00:02:19.874] [WEB] GET /api/v1/frame.png 104ms
[19:10:06.563 +00:02:19.911] [WEB] GET /api/status 34ms
[19:10:06.593 +00:02:19.940] [WEB] GET /api/input/ports 24ms
[19:10:06.641 +00:02:19.988] [WEB] GET /api/events 44ms
[19:10:06.685 +00:02:20.033] [WEB] GET /api/sprites 38ms
[19:10:07.426 +00:02:20.774] [WEB] POST /api/v1/game/action 266ms
[19:10:07.534 +00:02:20.881] [WEB] GET /api/v1/frame.png 100ms
[19:10:07.574 +00:02:20.921] [WEB] GET /api/status 37ms
[19:10:07.626 +00:02:20.974] [WEB] GET /api/input/ports 48ms
[19:10:07.735 +00:02:21.082] [WEB] GET /api/events 101ms
[19:10:07.852 +00:02:21.200] [WEB] GET /api/sprites 86ms
[19:10:08.247 +00:02:21.594] [WEB] GET /api/v1/frame.png 96ms
[19:10:08.324 +00:02:21.671] [WEB] GET /api/status 73ms
[19:10:08.370 +00:02:21.718] [WEB] GET /api/input/ports 42ms
[19:10:08.421 +00:02:21.768] [WEB] GET /api/events 45ms
[19:10:08.476 +00:02:21.824] [WEB] GET /api/sprites 49ms
[19:10:09.387 +00:02:22.734] [WEB] POST /api/v1/game/action 239ms
[19:10:09.494 +00:02:22.841] [WEB] GET /api/v1/frame.png 95ms
[19:10:09.533 +00:02:22.881] [WEB] GET /api/status 37ms
[19:10:09.581 +00:02:22.929] [WEB] GET /api/input/ports 43ms
[19:10:09.609 +00:02:22.957] [WEB] GET /api/events 23ms
[19:10:09.670 +00:02:23.018] [WEB] GET /api/sprites 57ms
[19:10:10.265 +00:02:23.613] [WEB] GET /api/v1/frame.png 108ms
[19:10:10.709 +00:02:24.057] [WEB] POST /api/v1/game/action 440ms
[19:10:10.776 +00:02:24.123] [WEB] GET /api/status 52ms
[19:10:10.857 +00:02:24.204] [WEB] GET /api/input/ports 63ms
[19:10:10.976 +00:02:24.324] [WEB] GET /api/events 106ms
[19:10:11.328 +00:02:24.675] [WEB] GET /api/sprites 250ms
[19:10:11.678 +00:02:25.025] [WEB] GET /api/v1/frame.png 228ms
[19:10:12.270 +00:02:25.617] [WEB] POST /api/v1/game/action 587ms
[19:10:15.226 +00:02:28.574] [WEB] POST /api/v1/game/action 814ms
[19:10:15.344 +00:02:28.691] [WEB] GET /api/v1/frame.png 105ms
[19:10:15.419 +00:02:28.766] [WEB] GET /api/status 74ms
[19:10:15.967 +00:02:29.315] [WEB] POST /api/v1/game/action 545ms
[19:10:17.138 +00:02:30.485] [WEB] GET /api/v1/frame.png 860ms
[19:10:17.596 +00:02:30.944] [WEB] GET /api/v1/frame.png 397ms
[19:10:18.136 +00:02:31.484] [WEB] POST /api/v1/game/action 516ms
[19:10:18.188 +00:02:31.535] [WEB] GET /api/input/ports 42ms
[19:10:18.211 +00:02:31.559] [WEB] GET /api/status 22ms
[19:10:18.291 +00:02:31.638] [WEB] GET /api/v1/frame.png 78ms
[19:10:18.550 +00:02:31.897] [WEB] POST /api/v1/game/action 256ms
[19:10:18.617 +00:02:31.965] [WEB] GET /api/events 58ms
[19:10:18.656 +00:02:32.003] [WEB] GET /api/input/ports 33ms
[19:10:18.725 +00:02:32.073] [WEB] GET /api/sprites 49ms
[19:10:18.787 +00:02:32.135] [WEB] GET /api/events 59ms
[19:10:18.853 +00:02:32.201] [WEB] GET /api/sprites 56ms
[19:10:20.735 +00:02:34.083] [WEB] POST /api/v1/game/action 752ms
[19:10:20.952 +00:02:34.300] [WEB] GET /api/v1/frame.png 202ms
[19:10:21.056 +00:02:34.403] [WEB] GET /api/status 99ms
[19:10:22.014 +00:02:35.361] [WEB] POST /api/v1/game/action 813ms
[19:10:22.243 +00:02:35.590] [WEB] GET /api/v1/frame.png 209ms
[19:10:22.330 +00:02:35.678] [WEB] GET /api/input/ports 85ms
[19:10:22.685 +00:02:36.033] [WEB] GET /api/v1/frame.png 280ms
[19:10:23.601 +00:02:36.948] [WEB] POST /api/v1/game/action 891ms
[19:10:23.865 +00:02:37.213] [WEB] GET /api/events 207ms
[19:10:25.628 +00:02:38.976] [WEB] POST /api/v1/game/action 1089ms
[19:10:25.870 +00:02:39.217] [WEB] GET /api/v1/frame.png 221ms
[19:10:26.006 +00:02:39.353] [WEB] GET /api/sprites 133ms
[19:10:43.172 +00:02:56.519] [WEB] POST /api/v1/game/action 971ms
[19:10:43.369 +00:02:56.716] [WEB] GET /api/v1/frame.png 179ms
[19:10:43.508 +00:02:56.855] [WEB] GET /api/status 130ms
[19:10:43.738 +00:02:57.086] [WEB] GET /api/input/ports 91ms
[19:10:43.975 +00:02:57.322] [WEB] GET /api/events 108ms
[19:10:44.135 +00:02:57.483] [WEB] GET /api/sprites 68ms
